<?xml version="1.0" encoding="ISO-8859-1" ?>
<link_info>
   <banner>TI ARM Linker PC v18.1.4.LTS</banner>
   <copyright>Copyright (c) 1996-2018 Texas Instruments Incorporated</copyright>
   <link_time>0x5ccb31ab</link_time>
   <link_errors>0x0</link_errors>
   <output_file>Final_Project_Skateboard.out</output_file>
   <entry_point>
      <name>_c_int00_noargs</name>
      <address>0x32cd</address>
   </entry_point>
   <input_file_list>
      <input_file id="fl-2">
         <path>.\</path>
         <kind>object</kind>
         <file>startup_ccs.obj</file>
         <name>startup_ccs.obj</name>
      </input_file>
      <input_file id="fl-3">
         <path>.\drivers\</path>
         <kind>object</kind>
         <file>buttons.obj</file>
         <name>buttons.obj</name>
      </input_file>
      <input_file id="fl-4">
         <path>.\drivers\</path>
         <kind>object</kind>
         <file>rgb.obj</file>
         <name>rgb.obj</name>
      </input_file>
      <input_file id="fl-5">
         <path>.\source\</path>
         <kind>object</kind>
         <file>button.obj</file>
         <name>button.obj</name>
      </input_file>
      <input_file id="fl-6">
         <path>.\source\</path>
         <kind>object</kind>
         <file>distance.obj</file>
         <name>distance.obj</name>
      </input_file>
      <input_file id="fl-7">
         <path>.\source\</path>
         <kind>object</kind>
         <file>main.obj</file>
         <name>main.obj</name>
      </input_file>
      <input_file id="fl-8">
         <path>.\source\</path>
         <kind>object</kind>
         <file>motor_task.obj</file>
         <name>motor_task.obj</name>
      </input_file>
      <input_file id="fl-9">
         <path>.\source\</path>
         <kind>object</kind>
         <file>pressure_sensor_task.obj</file>
         <name>pressure_sensor_task.obj</name>
      </input_file>
      <input_file id="fl-a">
         <path>.\source\</path>
         <kind>object</kind>
         <file>ultrasonic_task.obj</file>
         <name>ultrasonic_task.obj</name>
      </input_file>
      <input_file id="fl-b">
         <path>.\third_party\FreeRTOS\Source\</path>
         <kind>object</kind>
         <file>list.obj</file>
         <name>list.obj</name>
      </input_file>
      <input_file id="fl-c">
         <path>.\third_party\FreeRTOS\Source\</path>
         <kind>object</kind>
         <file>queue.obj</file>
         <name>queue.obj</name>
      </input_file>
      <input_file id="fl-d">
         <path>.\third_party\FreeRTOS\Source\</path>
         <kind>object</kind>
         <file>tasks.obj</file>
         <name>tasks.obj</name>
      </input_file>
      <input_file id="fl-e">
         <path>.\third_party\FreeRTOS\Source\</path>
         <kind>object</kind>
         <file>timers.obj</file>
         <name>timers.obj</name>
      </input_file>
      <input_file id="fl-f">
         <path>.\third_party\FreeRTOS\Source\portable\CCS\ARM_CM4F\</path>
         <kind>object</kind>
         <file>port.obj</file>
         <name>port.obj</name>
      </input_file>
      <input_file id="fl-10">
         <path>.\third_party\FreeRTOS\Source\portable\CCS\ARM_CM4F\</path>
         <kind>object</kind>
         <file>portasm.obj</file>
         <name>portasm.obj</name>
      </input_file>
      <input_file id="fl-11">
         <path>.\third_party\FreeRTOS\Source\portable\MemMang\</path>
         <kind>object</kind>
         <file>heap_2.obj</file>
         <name>heap_2.obj</name>
      </input_file>
      <input_file id="fl-12">
         <path>.\utils\</path>
         <kind>object</kind>
         <file>uartstdio.obj</file>
         <name>uartstdio.obj</name>
      </input_file>
      <input_file id="fl-13">
         <path>.\utils\</path>
         <kind>object</kind>
         <file>ustdlib.obj</file>
         <name>ustdlib.obj</name>
      </input_file>
      <input_file id="fl-1a">
         <kind>object</kind>
         <file>&lt;internal&gt;</file>
         <name>&lt;internal&gt;</name>
      </input_file>
      <input_file id="fl-1b">
         <path>C:\ti\TivaWare_C_Series-2.1.4.178\driverlib\ccs\Debug\</path>
         <kind>archive</kind>
         <file>driverlib.lib</file>
         <name>adc.obj</name>
      </input_file>
      <input_file id="fl-1c">
         <path>C:\ti\TivaWare_C_Series-2.1.4.178\driverlib\ccs\Debug\</path>
         <kind>archive</kind>
         <file>driverlib.lib</file>
         <name>gpio.obj</name>
      </input_file>
      <input_file id="fl-1d">
         <path>C:\ti\TivaWare_C_Series-2.1.4.178\driverlib\ccs\Debug\</path>
         <kind>archive</kind>
         <file>driverlib.lib</file>
         <name>interrupt.obj</name>
      </input_file>
      <input_file id="fl-1e">
         <path>C:\ti\TivaWare_C_Series-2.1.4.178\driverlib\ccs\Debug\</path>
         <kind>archive</kind>
         <file>driverlib.lib</file>
         <name>pwm.obj</name>
      </input_file>
      <input_file id="fl-1f">
         <path>C:\ti\TivaWare_C_Series-2.1.4.178\driverlib\ccs\Debug\</path>
         <kind>archive</kind>
         <file>driverlib.lib</file>
         <name>sysctl.obj</name>
      </input_file>
      <input_file id="fl-20">
         <path>C:\ti\TivaWare_C_Series-2.1.4.178\driverlib\ccs\Debug\</path>
         <kind>archive</kind>
         <file>driverlib.lib</file>
         <name>timer.obj</name>
      </input_file>
      <input_file id="fl-21">
         <path>C:\ti\TivaWare_C_Series-2.1.4.178\driverlib\ccs\Debug\</path>
         <kind>archive</kind>
         <file>driverlib.lib</file>
         <name>uart.obj</name>
      </input_file>
      <input_file id="fl-22">
         <path>C:\ti\TivaWare_C_Series-2.1.4.178\driverlib\ccs\Debug\</path>
         <kind>archive</kind>
         <file>driverlib.lib</file>
         <name>cpu.obj</name>
      </input_file>
      <input_file id="fl-d8">
         <path>C:\ti\ccsv8\tools\compiler\ti-cgt-arm_18.1.4.LTS\lib\</path>
         <kind>archive</kind>
         <file>rtsv7M4_T_le_v4SPD16_eabi.lib</file>
         <name>u_divt2.asm.obj</name>
      </input_file>
      <input_file id="fl-d9">
         <path>C:\ti\ccsv8\tools\compiler\ti-cgt-arm_18.1.4.LTS\lib\</path>
         <kind>archive</kind>
         <file>rtsv7M4_T_le_v4SPD16_eabi.lib</file>
         <name>fs_toull_t2.asm.obj</name>
      </input_file>
      <input_file id="fl-da">
         <path>C:\ti\ccsv8\tools\compiler\ti-cgt-arm_18.1.4.LTS\lib\</path>
         <kind>archive</kind>
         <file>rtsv7M4_T_le_v4SPD16_eabi.lib</file>
         <name>memcpy_t2.asm.obj</name>
      </input_file>
      <input_file id="fl-db">
         <path>C:\ti\ccsv8\tools\compiler\ti-cgt-arm_18.1.4.LTS\lib\</path>
         <kind>archive</kind>
         <file>rtsv7M4_T_le_v4SPD16_eabi.lib</file>
         <name>ull_div_t2.asm.obj</name>
      </input_file>
      <input_file id="fl-dc">
         <path>C:\ti\ccsv8\tools\compiler\ti-cgt-arm_18.1.4.LTS\lib\</path>
         <kind>archive</kind>
         <file>rtsv7M4_T_le_v4SPD16_eabi.lib</file>
         <name>memset_t2.asm.obj</name>
      </input_file>
      <input_file id="fl-dd">
         <path>C:\ti\ccsv8\tools\compiler\ti-cgt-arm_18.1.4.LTS\lib\</path>
         <kind>archive</kind>
         <file>rtsv7M4_T_le_v4SPD16_eabi.lib</file>
         <name>copy_zero_init.c.obj</name>
      </input_file>
      <input_file id="fl-de">
         <path>C:\ti\ccsv8\tools\compiler\ti-cgt-arm_18.1.4.LTS\lib\</path>
         <kind>archive</kind>
         <file>rtsv7M4_T_le_v4SPD16_eabi.lib</file>
         <name>copy_decompress_none.c.obj</name>
      </input_file>
      <input_file id="fl-df">
         <path>C:\ti\ccsv8\tools\compiler\ti-cgt-arm_18.1.4.LTS\lib\</path>
         <kind>archive</kind>
         <file>rtsv7M4_T_le_v4SPD16_eabi.lib</file>
         <name>copy_decompress_lzss.c.obj</name>
      </input_file>
      <input_file id="fl-e0">
         <path>C:\ti\ccsv8\tools\compiler\ti-cgt-arm_18.1.4.LTS\lib\</path>
         <kind>archive</kind>
         <file>rtsv7M4_T_le_v4SPD16_eabi.lib</file>
         <name>boot_cortex_m.c.obj</name>
      </input_file>
      <input_file id="fl-e1">
         <path>C:\ti\ccsv8\tools\compiler\ti-cgt-arm_18.1.4.LTS\lib\</path>
         <kind>archive</kind>
         <file>rtsv7M4_T_le_v4SPD16_eabi.lib</file>
         <name>exit.c.obj</name>
      </input_file>
      <input_file id="fl-e2">
         <path>C:\ti\ccsv8\tools\compiler\ti-cgt-arm_18.1.4.LTS\lib\</path>
         <kind>archive</kind>
         <file>rtsv7M4_T_le_v4SPD16_eabi.lib</file>
         <name>_lock.c.obj</name>
      </input_file>
      <input_file id="fl-e3">
         <path>C:\ti\ccsv8\tools\compiler\ti-cgt-arm_18.1.4.LTS\lib\</path>
         <kind>archive</kind>
         <file>rtsv7M4_T_le_v4SPD16_eabi.lib</file>
         <name>args_main.c.obj</name>
      </input_file>
      <input_file id="fl-e4">
         <path>C:\ti\ccsv8\tools\compiler\ti-cgt-arm_18.1.4.LTS\lib\</path>
         <kind>archive</kind>
         <file>rtsv7M4_T_le_v4SPD16_eabi.lib</file>
         <name>div0.asm.obj</name>
      </input_file>
      <input_file id="fl-e5">
         <path>C:\ti\ccsv8\tools\compiler\ti-cgt-arm_18.1.4.LTS\lib\</path>
         <kind>archive</kind>
         <file>rtsv7M4_T_le_v4SPD16_eabi.lib</file>
         <name>autoinit.c.obj</name>
      </input_file>
      <input_file id="fl-e6">
         <path>C:\ti\ccsv8\tools\compiler\ti-cgt-arm_18.1.4.LTS\lib\</path>
         <kind>archive</kind>
         <file>rtsv7M4_T_le_v4SPD16_eabi.lib</file>
         <name>pre_init.c.obj</name>
      </input_file>
      <input_file id="fl-e7">
         <path>C:\ti\ccsv8\tools\compiler\ti-cgt-arm_18.1.4.LTS\lib\</path>
         <kind>archive</kind>
         <file>rtsv7M4_T_le_v4SPD16_eabi.lib</file>
         <name>cpy_tbl.c.obj</name>
      </input_file>
   </input_file_list>
   <object_component_list>
      <object_component id="oc-f">
         <name>.intvecs</name>
         <load_address>0x0</load_address>
         <run_address>0x0</run_address>
         <size>0x26c</size>
         <input_file_ref idref="fl-2"/>
      </object_component>
      <object_component id="oc-2b1">
         <name>.text:UARTvprintf</name>
         <load_address>0x26c</load_address>
         <run_address>0x26c</run_address>
         <size>0x30c</size>
         <input_file_ref idref="fl-12"/>
      </object_component>
      <object_component id="oc-34b">
         <name>.text:UltrasonicFunction</name>
         <load_address>0x578</load_address>
         <run_address>0x578</run_address>
         <size>0x190</size>
         <input_file_ref idref="fl-a"/>
      </object_component>
      <object_component id="oc-43c">
         <name>.text:xQueueGenericReceive</name>
         <load_address>0x708</load_address>
         <run_address>0x708</run_address>
         <size>0x16c</size>
         <input_file_ref idref="fl-c"/>
      </object_component>
      <object_component id="oc-338">
         <name>.text:xTaskGenericCreate</name>
         <load_address>0x874</load_address>
         <run_address>0x874</run_address>
         <size>0x138</size>
         <input_file_ref idref="fl-d"/>
      </object_component>
      <object_component id="oc-9e">
         <name>.text:xTaskIncrementTick</name>
         <load_address>0x9ac</load_address>
         <run_address>0x9ac</run_address>
         <size>0x134</size>
         <input_file_ref idref="fl-d"/>
      </object_component>
      <object_component id="oc-2db">
         <name>.text:GPIOPadConfigSet</name>
         <load_address>0xae0</load_address>
         <run_address>0xae0</run_address>
         <size>0x132</size>
         <input_file_ref idref="fl-1c"/>
      </object_component>
      <object_component id="oc-30">
         <name>.text:FaultISR</name>
         <load_address>0xc12</load_address>
         <run_address>0xc12</run_address>
         <size>0x2</size>
         <input_file_ref idref="fl-2"/>
      </object_component>
      <object_component id="oc-33e">
         <name>.text:PressureFunction</name>
         <load_address>0xc14</load_address>
         <run_address>0xc14</run_address>
         <size>0x128</size>
         <input_file_ref idref="fl-9"/>
      </object_component>
      <object_component id="oc-b0">
         <name>.text:xQueueGenericSend</name>
         <load_address>0xd3c</load_address>
         <run_address>0xd3c</run_address>
         <size>0x128</size>
         <input_file_ref idref="fl-c"/>
      </object_component>
      <object_component id="oc-1c9">
         <name>.text:SysCtlClockGet</name>
         <load_address>0xe64</load_address>
         <run_address>0xe64</run_address>
         <size>0x110</size>
         <input_file_ref idref="fl-1f"/>
      </object_component>
      <object_component id="oc-f0">
         <name>.text:main</name>
         <load_address>0xf74</load_address>
         <run_address>0xf74</run_address>
         <size>0x110</size>
         <input_file_ref idref="fl-7"/>
      </object_component>
      <object_component id="oc-297">
         <name>.text:pvPortMalloc</name>
         <load_address>0x1084</load_address>
         <run_address>0x1084</run_address>
         <size>0x108</size>
         <input_file_ref idref="fl-11"/>
      </object_component>
      <object_component id="oc-170">
         <name>.text:xTaskResumeAll</name>
         <load_address>0x118c</load_address>
         <run_address>0x118c</run_address>
         <size>0xfc</size>
         <input_file_ref idref="fl-d"/>
      </object_component>
      <object_component id="oc-598">
         <name>.text:prvProcessReceivedCommands</name>
         <load_address>0x1288</load_address>
         <run_address>0x1288</run_address>
         <size>0xe8</size>
         <input_file_ref idref="fl-e"/>
      </object_component>
      <object_component id="oc-3c">
         <name>.text</name>
         <load_address>0x1370</load_address>
         <run_address>0x1370</run_address>
         <size>0xd2</size>
         <input_file_ref idref="fl-10"/>
      </object_component>
      <object_component id="oc-36">
         <name>.text:IntDefaultHandler</name>
         <load_address>0x1442</load_address>
         <run_address>0x1442</run_address>
         <size>0x2</size>
         <input_file_ref idref="fl-2"/>
      </object_component>
      <object_component id="oc-47">
         <name>.text:Timer0AIntHandler</name>
         <load_address>0x1444</load_address>
         <run_address>0x1444</run_address>
         <size>0xd0</size>
         <input_file_ref idref="fl-7"/>
      </object_component>
      <object_component id="oc-54e">
         <name>.text:vTaskPriorityInherit</name>
         <load_address>0x1514</load_address>
         <run_address>0x1514</run_address>
         <size>0xc8</size>
         <input_file_ref idref="fl-d"/>
      </object_component>
      <object_component id="oc-13a">
         <name>.text:prvCopyDataToQueue</name>
         <load_address>0x15dc</load_address>
         <run_address>0x15dc</run_address>
         <size>0xbc</size>
         <input_file_ref idref="fl-c"/>
      </object_component>
      <object_component id="oc-97">
         <name>.text:vTaskSwitchContext</name>
         <load_address>0x1698</load_address>
         <run_address>0x1698</run_address>
         <size>0xb8</size>
         <input_file_ref idref="fl-d"/>
      </object_component>
      <object_component id="oc-358">
         <name>.text:MotorFunction</name>
         <load_address>0x1750</load_address>
         <run_address>0x1750</run_address>
         <size>0xb4</size>
         <input_file_ref idref="fl-8"/>
      </object_component>
      <object_component id="oc-1f9">
         <name>.text:TaskMotorInit</name>
         <load_address>0x1804</load_address>
         <run_address>0x1804</run_address>
         <size>0xb0</size>
         <input_file_ref idref="fl-8"/>
      </object_component>
      <object_component id="oc-268">
         <name>.text:xTaskPriorityDisinherit</name>
         <load_address>0x18b4</load_address>
         <run_address>0x18b4</run_address>
         <size>0xa8</size>
         <input_file_ref idref="fl-d"/>
      </object_component>
      <object_component id="oc-1f3">
         <name>.text:UltrasonicTaskInit</name>
         <load_address>0x195c</load_address>
         <run_address>0x195c</run_address>
         <size>0xa4</size>
         <input_file_ref idref="fl-a"/>
      </object_component>
      <object_component id="oc-606">
         <name>.text:prvSwitchTimerLists</name>
         <load_address>0x1a00</load_address>
         <run_address>0x1a00</run_address>
         <size>0xa4</size>
         <input_file_ref idref="fl-e"/>
      </object_component>
      <object_component id="oc-2c7">
         <name>.text:xQueueGenericReset</name>
         <load_address>0x1aa4</load_address>
         <run_address>0x1aa4</run_address>
         <size>0xa0</size>
         <input_file_ref idref="fl-c"/>
      </object_component>
      <object_component id="oc-5b">
         <name>.text</name>
         <load_address>0x1b44</load_address>
         <run_address>0x1b44</run_address>
         <size>0x9c</size>
         <input_file_ref idref="fl-da"/>
      </object_component>
      <object_component id="oc-429">
         <name>.text:prvInitialiseTCBVariables</name>
         <load_address>0x1be0</load_address>
         <run_address>0x1be0</run_address>
         <size>0x9a</size>
         <input_file_ref idref="fl-d"/>
      </object_component>
      <object_component id="oc-ab">
         <name>.text</name>
         <load_address>0x1c7a</load_address>
         <run_address>0x1c7a</run_address>
         <size>0x96</size>
         <input_file_ref idref="fl-db"/>
      </object_component>
      <object_component id="oc-1e7">
         <name>.text:ConfigureADC</name>
         <load_address>0x1d10</load_address>
         <run_address>0x1d10</run_address>
         <size>0x94</size>
         <input_file_ref idref="fl-9"/>
      </object_component>
      <object_component id="oc-140">
         <name>.text:xTaskRemoveFromEventList</name>
         <load_address>0x1da4</load_address>
         <run_address>0x1da4</run_address>
         <size>0x90</size>
         <input_file_ref idref="fl-d"/>
      </object_component>
      <object_component id="oc-61b">
         <name>.text:xQueueGenericSendFromISR</name>
         <load_address>0x1e34</load_address>
         <run_address>0x1e34</run_address>
         <size>0x8c</size>
         <input_file_ref idref="fl-c"/>
      </object_component>
      <object_component id="oc-45b">
         <name>.text:distSensor_getDistance</name>
         <load_address>0x1ec0</load_address>
         <run_address>0x1ec0</run_address>
         <size>0x88</size>
         <input_file_ref idref="fl-6"/>
      </object_component>
      <object_component id="oc-592">
         <name>.text:prvProcessTimerOrBlockTask</name>
         <load_address>0x1f48</load_address>
         <run_address>0x1f48</run_address>
         <size>0x84</size>
         <input_file_ref idref="fl-e"/>
      </object_component>
      <object_component id="oc-1e1">
         <name>.text:setup_motors</name>
         <load_address>0x1fcc</load_address>
         <run_address>0x1fcc</run_address>
         <size>0x84</size>
         <input_file_ref idref="fl-8"/>
      </object_component>
      <object_component id="oc-158">
         <name>.text:xTaskCheckForTimeOut</name>
         <load_address>0x2050</load_address>
         <run_address>0x2050</run_address>
         <size>0x84</size>
         <input_file_ref idref="fl-d"/>
      </object_component>
      <object_component id="oc-16a">
         <name>.text:prvUnlockQueue</name>
         <load_address>0x20d4</load_address>
         <run_address>0x20d4</run_address>
         <size>0x82</size>
         <input_file_ref idref="fl-c"/>
      </object_component>
      <object_component id="oc-2a">
         <name>.text:NmiSR</name>
         <load_address>0x2156</load_address>
         <run_address>0x2156</run_address>
         <size>0x2</size>
         <input_file_ref idref="fl-2"/>
      </object_component>
      <object_component id="oc-1ff">
         <name>.text:vTaskStartScheduler</name>
         <load_address>0x2158</load_address>
         <run_address>0x2158</run_address>
         <size>0x7c</size>
         <input_file_ref idref="fl-d"/>
      </object_component>
      <object_component id="oc-e4">
         <name>.text</name>
         <load_address>0x21d4</load_address>
         <run_address>0x21d4</run_address>
         <size>0x7a</size>
         <input_file_ref idref="fl-dc"/>
      </object_component>
      <object_component id="oc-12e">
         <name>.text</name>
         <load_address>0x224e</load_address>
         <run_address>0x224e</run_address>
         <size>0x2</size>
         <input_file_ref idref="fl-e4"/>
      </object_component>
      <object_component id="oc-5f8">
         <name>.text:prvInsertTimerInActiveList</name>
         <load_address>0x2250</load_address>
         <run_address>0x2250</run_address>
         <size>0x78</size>
         <input_file_ref idref="fl-e"/>
      </object_component>
      <object_component id="oc-1b7">
         <name>.text:xQueueCreateMutex</name>
         <load_address>0x22c8</load_address>
         <run_address>0x22c8</run_address>
         <size>0x76</size>
         <input_file_ref idref="fl-c"/>
      </object_component>
      <object_component id="oc-1bd">
         <name>.text:ConfigureUART</name>
         <load_address>0x2340</load_address>
         <run_address>0x2340</run_address>
         <size>0x74</size>
         <input_file_ref idref="fl-7"/>
      </object_component>
      <object_component id="oc-2aa">
         <name>.text:UARTStdioConfig</name>
         <load_address>0x23b4</load_address>
         <run_address>0x23b4</run_address>
         <size>0x74</size>
         <input_file_ref idref="fl-12"/>
      </object_component>
      <object_component id="oc-1d5">
         <name>.text:initialize_hardware_timer0</name>
         <load_address>0x2428</load_address>
         <run_address>0x2428</run_address>
         <size>0x74</size>
         <input_file_ref idref="fl-7"/>
      </object_component>
      <object_component id="oc-435">
         <name>.text:prvInitialiseTaskLists</name>
         <load_address>0x249c</load_address>
         <run_address>0x249c</run_address>
         <size>0x74</size>
         <input_file_ref idref="fl-d"/>
      </object_component>
      <object_component id="oc-60d">
         <name>.text:vTaskPlaceOnEventListRestricted</name>
         <load_address>0x2510</load_address>
         <run_address>0x2510</run_address>
         <size>0x70</size>
         <input_file_ref idref="fl-d"/>
      </object_component>
      <object_component id="oc-1cf">
         <name>.text:xQueueGenericCreate</name>
         <load_address>0x2580</load_address>
         <run_address>0x2580</run_address>
         <size>0x70</size>
         <input_file_ref idref="fl-c"/>
      </object_component>
      <object_component id="oc-5fe">
         <name>.text:xTimerGenericCommand</name>
         <load_address>0x25f0</load_address>
         <run_address>0x25f0</run_address>
         <size>0x70</size>
         <input_file_ref idref="fl-e"/>
      </object_component>
      <object_component id="oc-1ed">
         <name>.text:PressureSensorTaskInit</name>
         <load_address>0x2660</load_address>
         <run_address>0x2660</run_address>
         <size>0x6c</size>
         <input_file_ref idref="fl-9"/>
      </object_component>
      <object_component id="oc-2f3">
         <name>.text:Button_ISR</name>
         <load_address>0x26cc</load_address>
         <run_address>0x26cc</run_address>
         <size>0x68</size>
         <input_file_ref idref="fl-5"/>
      </object_component>
      <object_component id="oc-3ec">
         <name>.text:IntEnable</name>
         <load_address>0x2734</load_address>
         <run_address>0x2734</run_address>
         <size>0x68</size>
         <input_file_ref idref="fl-1d"/>
      </object_component>
      <object_component id="oc-12">
         <name>.text:decompress:lzss:__TI_decompress_lzss</name>
         <load_address>0x279c</load_address>
         <run_address>0x279c</run_address>
         <size>0x68</size>
         <input_file_ref idref="fl-df"/>
      </object_component>
      <object_component id="oc-485">
         <name>.text:prvCheckForValidListAndQueue</name>
         <load_address>0x2804</load_address>
         <run_address>0x2804</run_address>
         <size>0x68</size>
         <input_file_ref idref="fl-e"/>
      </object_component>
      <object_component id="oc-49f">
         <name>.text:prvCheckTasksWaitingTermination</name>
         <load_address>0x286c</load_address>
         <run_address>0x286c</run_address>
         <size>0x68</size>
         <input_file_ref idref="fl-d"/>
      </object_component>
      <object_component id="oc-51d">
         <name>.text:vPortFree</name>
         <load_address>0x28d4</load_address>
         <run_address>0x28d4</run_address>
         <size>0x68</size>
         <input_file_ref idref="fl-11"/>
      </object_component>
      <object_component id="oc-164">
         <name>.text:vTaskPlaceOnEventList</name>
         <load_address>0x293c</load_address>
         <run_address>0x293c</run_address>
         <size>0x68</size>
         <input_file_ref idref="fl-d"/>
      </object_component>
      <object_component id="oc-278">
         <name>.text:vListInsert</name>
         <load_address>0x29a4</load_address>
         <run_address>0x29a4</run_address>
         <size>0x66</size>
         <input_file_ref idref="fl-b"/>
      </object_component>
      <object_component id="oc-44c">
         <name>.text:TimerConfigure</name>
         <load_address>0x2a0c</load_address>
         <run_address>0x2a0c</run_address>
         <size>0x60</size>
         <input_file_ref idref="fl-20"/>
      </object_component>
      <object_component id="oc-5eb">
         <name>.text:prvProcessExpiredTimer</name>
         <load_address>0x2a6c</load_address>
         <run_address>0x2a6c</run_address>
         <size>0x60</size>
         <input_file_ref idref="fl-e"/>
      </object_component>
      <object_component id="oc-423">
         <name>.text:prvAllocateTCBAndStack</name>
         <load_address>0x2acc</load_address>
         <run_address>0x2acc</run_address>
         <size>0x5e</size>
         <input_file_ref idref="fl-d"/>
      </object_component>
      <object_component id="oc-3c1">
         <name>.text:UARTwrite</name>
         <load_address>0x2b2c</load_address>
         <run_address>0x2b2c</run_address>
         <size>0x5c</size>
         <input_file_ref idref="fl-12"/>
      </object_component>
      <object_component id="oc-46c">
         <name>.text:move_backward</name>
         <load_address>0x2b88</load_address>
         <run_address>0x2b88</run_address>
         <size>0x5c</size>
         <input_file_ref idref="fl-8"/>
      </object_component>
      <object_component id="oc-466">
         <name>.text:move_forward</name>
         <load_address>0x2be4</load_address>
         <run_address>0x2be4</run_address>
         <size>0x5c</size>
         <input_file_ref idref="fl-8"/>
      </object_component>
      <object_component id="oc-27e">
         <name>.text:prvAddCurrentTaskToDelayedList</name>
         <load_address>0x2c40</load_address>
         <run_address>0x2c40</run_address>
         <size>0x5c</size>
         <input_file_ref idref="fl-d"/>
      </object_component>
      <object_component id="oc-42f">
         <name>.text:pxPortInitialiseStack</name>
         <load_address>0x2c9c</load_address>
         <run_address>0x2c9c</run_address>
         <size>0x5c</size>
         <input_file_ref idref="fl-f"/>
      </object_component>
      <object_component id="oc-47e">
         <name>.text:slow_motor</name>
         <load_address>0x2cf8</load_address>
         <run_address>0x2cf8</run_address>
         <size>0x5c</size>
         <input_file_ref idref="fl-8"/>
      </object_component>
      <object_component id="oc-407">
         <name>.text:stop_motor</name>
         <load_address>0x2d54</load_address>
         <run_address>0x2d54</run_address>
         <size>0x5c</size>
         <input_file_ref idref="fl-8"/>
      </object_component>
      <object_component id="oc-478">
         <name>.text:turn_left</name>
         <load_address>0x2db0</load_address>
         <run_address>0x2db0</run_address>
         <size>0x5c</size>
         <input_file_ref idref="fl-8"/>
      </object_component>
      <object_component id="oc-2e7">
         <name>.text:GPIOIntTypeSet</name>
         <load_address>0x2e0c</load_address>
         <run_address>0x2e0c</run_address>
         <size>0x56</size>
         <input_file_ref idref="fl-1c"/>
      </object_component>
      <object_component id="oc-5f1">
         <name>.text:vQueueWaitForMessageRestricted</name>
         <load_address>0x2e62</load_address>
         <run_address>0x2e62</run_address>
         <size>0x54</size>
         <input_file_ref idref="fl-c"/>
      </object_component>
      <object_component id="oc-1db">
         <name>.text:ConfigureButton</name>
         <load_address>0x2eb8</load_address>
         <run_address>0x2eb8</run_address>
         <size>0x50</size>
         <input_file_ref idref="fl-5"/>
      </object_component>
      <object_component id="oc-3a0">
         <name>.text:prvHeapInit</name>
         <load_address>0x2f08</load_address>
         <run_address>0x2f08</run_address>
         <size>0x50</size>
         <input_file_ref idref="fl-11"/>
      </object_component>
      <object_component id="oc-472">
         <name>.text:turn_right</name>
         <load_address>0x2f58</load_address>
         <run_address>0x2f58</run_address>
         <size>0x50</size>
         <input_file_ref idref="fl-8"/>
      </object_component>
      <object_component id="oc-577">
         <name>.text:vQueueAddToRegistry</name>
         <load_address>0x2fa8</load_address>
         <run_address>0x2fa8</run_address>
         <size>0x4c</size>
         <input_file_ref idref="fl-c"/>
      </object_component>
      <object_component id="oc-300">
         <name>.text:GPIOPinConfigure</name>
         <load_address>0x2ff4</load_address>
         <run_address>0x2ff4</run_address>
         <size>0x48</size>
         <input_file_ref idref="fl-1c"/>
      </object_component>
      <object_component id="oc-11d">
         <name>.text:uxListRemove</name>
         <load_address>0x303c</load_address>
         <run_address>0x303c</run_address>
         <size>0x48</size>
         <input_file_ref idref="fl-b"/>
      </object_component>
      <object_component id="oc-360">
         <name>.text:xTimerCreateTimerTask</name>
         <load_address>0x3084</load_address>
         <run_address>0x3084</run_address>
         <size>0x48</size>
         <input_file_ref idref="fl-e"/>
      </object_component>
      <object_component id="oc-3e0">
         <name>.text:_GPIOIntNumberGet</name>
         <load_address>0x30cc</load_address>
         <run_address>0x30cc</run_address>
         <size>0x44</size>
         <input_file_ref idref="fl-1c"/>
      </object_component>
      <object_component id="oc-215">
         <name>.text:__TI_auto_init_nobinit_nopinit:__TI_auto_init_nobinit_nopinit</name>
         <load_address>0x3110</load_address>
         <run_address>0x3110</run_address>
         <size>0x44</size>
         <input_file_ref idref="fl-e5"/>
      </object_component>
      <object_component id="oc-366">
         <name>.text:xPortStartScheduler</name>
         <load_address>0x3154</load_address>
         <run_address>0x3154</run_address>
         <size>0x44</size>
         <input_file_ref idref="fl-f"/>
      </object_component>
      <object_component id="oc-345">
         <name>.text:distSensor_Config</name>
         <load_address>0x3198</load_address>
         <run_address>0x3198</run_address>
         <size>0x40</size>
         <input_file_ref idref="fl-6"/>
      </object_component>
      <object_component id="oc-3c7">
         <name>.text</name>
         <load_address>0x31d8</load_address>
         <run_address>0x31d8</run_address>
         <size>0x40</size>
         <input_file_ref idref="fl-d8"/>
      </object_component>
      <object_component id="oc-53c">
         <name>.text:prvCopyDataFromQueue</name>
         <load_address>0x3218</load_address>
         <run_address>0x3218</run_address>
         <size>0x3c</size>
         <input_file_ref idref="fl-c"/>
      </object_component>
      <object_component id="oc-117">
         <name>.text:prvResetNextTaskUnblockTime</name>
         <load_address>0x3254</load_address>
         <run_address>0x3254</run_address>
         <size>0x3c</size>
         <input_file_ref idref="fl-d"/>
      </object_component>
      <object_component id="oc-123">
         <name>.text:vListInsertEnd</name>
         <load_address>0x3290</load_address>
         <run_address>0x3290</run_address>
         <size>0x3c</size>
         <input_file_ref idref="fl-b"/>
      </object_component>
      <object_component id="oc-79">
         <name>.text:_c_int00_noargs:_c_int00_noargs</name>
         <load_address>0x32cc</load_address>
         <run_address>0x32cc</run_address>
         <size>0x38</size>
         <input_file_ref idref="fl-e0"/>
      </object_component>
      <object_component id="oc-58c">
         <name>.text:prvGetNextExpireTime</name>
         <load_address>0x3304</load_address>
         <run_address>0x3304</run_address>
         <size>0x38</size>
         <input_file_ref idref="fl-e"/>
      </object_component>
      <object_component id="oc-3e6">
         <name>.text:IntRegister</name>
         <load_address>0x333c</load_address>
         <run_address>0x333c</run_address>
         <size>0x34</size>
         <input_file_ref idref="fl-1d"/>
      </object_component>
      <object_component id="oc-2cf">
         <name>.text:SysCtlPeripheralEnable</name>
         <load_address>0x3370</load_address>
         <run_address>0x3370</run_address>
         <size>0x34</size>
         <input_file_ref idref="fl-1f"/>
      </object_component>
      <object_component id="oc-5e9">
         <name>.text:prvSampleTimeNow</name>
         <load_address>0x33a4</load_address>
         <run_address>0x33a4</run_address>
         <size>0x34</size>
         <input_file_ref idref="fl-e"/>
      </object_component>
      <object_component id="oc-29d">
         <name>.text:vListInitialise</name>
         <load_address>0x33d8</load_address>
         <run_address>0x33d8</run_address>
         <size>0x30</size>
         <input_file_ref idref="fl-b"/>
      </object_component>
      <object_component id="oc-615">
         <name>.text:xTaskGetSchedulerState</name>
         <load_address>0x3408</load_address>
         <run_address>0x3408</run_address>
         <size>0x30</size>
         <input_file_ref idref="fl-d"/>
      </object_component>
      <object_component id="oc-442">
         <name>.text:ADCIntStatus</name>
         <load_address>0x3438</load_address>
         <run_address>0x3438</run_address>
         <size>0x2e</size>
         <input_file_ref idref="fl-1b"/>
      </object_component>
      <object_component id="oc-41">
         <name>.text:xPortSysTickHandler</name>
         <load_address>0x3468</load_address>
         <run_address>0x3468</run_address>
         <size>0x2c</size>
         <input_file_ref idref="fl-f"/>
      </object_component>
      <object_component id="oc-3d7">
         <name>.text:GPIODirModeSet</name>
         <load_address>0x3494</load_address>
         <run_address>0x3494</run_address>
         <size>0x2a</size>
         <input_file_ref idref="fl-1c"/>
      </object_component>
      <object_component id="oc-55f">
         <name>.text:distSensor_triggerPulse</name>
         <load_address>0x34be</load_address>
         <run_address>0x34be</run_address>
         <size>0x28</size>
         <input_file_ref idref="fl-6"/>
      </object_component>
      <object_component id="oc-15e">
         <name>.text:prvIsQueueFull</name>
         <load_address>0x34e6</load_address>
         <run_address>0x34e6</run_address>
         <size>0x26</size>
         <input_file_ref idref="fl-c"/>
      </object_component>
      <object_component id="oc-1c3">
         <name>.text:UARTprintf</name>
         <load_address>0x350c</load_address>
         <run_address>0x350c</run_address>
         <size>0x24</size>
         <input_file_ref idref="fl-12"/>
      </object_component>
      <object_component id="oc-134">
         <name>.text:vPortEnterCritical</name>
         <load_address>0x3530</load_address>
         <run_address>0x3530</run_address>
         <size>0x24</size>
         <input_file_ref idref="fl-f"/>
      </object_component>
      <object_component id="oc-14c">
         <name>.text:vTaskSetTimeOutState</name>
         <load_address>0x3554</load_address>
         <run_address>0x3554</run_address>
         <size>0x24</size>
         <input_file_ref idref="fl-d"/>
      </object_component>
      <object_component id="oc-30c">
         <name>.text:PWMGenConfigure</name>
         <load_address>0x3578</load_address>
         <run_address>0x3578</run_address>
         <size>0x22</size>
         <input_file_ref idref="fl-1e"/>
      </object_component>
      <object_component id="oc-548">
         <name>.text:prvIsQueueEmpty</name>
         <load_address>0x359a</load_address>
         <run_address>0x359a</run_address>
         <size>0x20</size>
         <input_file_ref idref="fl-c"/>
      </object_component>
      <object_component id="oc-50b">
         <name>.text:PWMPulseWidthSet</name>
         <load_address>0x35ba</load_address>
         <run_address>0x35ba</run_address>
         <size>0x1e</size>
         <input_file_ref idref="fl-1e"/>
      </object_component>
      <object_component id="oc-542">
         <name>.text:pvTaskIncrementMutexHeldCount</name>
         <load_address>0x35d8</load_address>
         <run_address>0x35d8</run_address>
         <size>0x1c</size>
         <input_file_ref idref="fl-d"/>
      </object_component>
      <object_component id="oc-146">
         <name>.text:vPortExitCritical</name>
         <load_address>0x35f4</load_address>
         <run_address>0x35f4</run_address>
         <size>0x1c</size>
         <input_file_ref idref="fl-f"/>
      </object_component>
      <object_component id="oc-491">
         <name>.text:prvTimerTask</name>
         <load_address>0x3610</load_address>
         <run_address>0x3610</run_address>
         <size>0x1a</size>
         <input_file_ref idref="fl-e"/>
      </object_component>
      <object_component id="oc-2e1">
         <name>.text:GPIOIntRegister</name>
         <load_address>0x362a</load_address>
         <run_address>0x362a</run_address>
         <size>0x18</size>
         <input_file_ref idref="fl-1c"/>
      </object_component>
      <object_component id="oc-41b">
         <name>.text:GPIOPinTypeGPIOOutput</name>
         <load_address>0x3642</load_address>
         <run_address>0x3642</run_address>
         <size>0x18</size>
         <input_file_ref idref="fl-1c"/>
      </object_component>
      <object_component id="oc-32a">
         <name>.text:setup_gpio</name>
         <load_address>0x365c</load_address>
         <run_address>0x365c</run_address>
         <size>0x18</size>
         <input_file_ref idref="fl-8"/>
      </object_component>
      <object_component id="oc-498">
         <name>.text:vPortSetupTimerInterrupt</name>
         <load_address>0x3674</load_address>
         <run_address>0x3674</run_address>
         <size>0x18</size>
         <input_file_ref idref="fl-f"/>
      </object_component>
      <object_component id="oc-2fa">
         <name>.text:SysCtlPWMClockSet</name>
         <load_address>0x368c</load_address>
         <run_address>0x368c</run_address>
         <size>0x14</size>
         <input_file_ref idref="fl-1f"/>
      </object_component>
      <object_component id="oc-5a0">
         <name>.text:prvDeleteTCB</name>
         <load_address>0x36a0</load_address>
         <run_address>0x36a0</run_address>
         <size>0x14</size>
         <input_file_ref idref="fl-d"/>
      </object_component>
      <object_component id="oc-a5">
         <name>.text:xTaskGetTickCount</name>
         <load_address>0x36b4</load_address>
         <run_address>0x36b4</run_address>
         <size>0x14</size>
         <input_file_ref idref="fl-d"/>
      </object_component>
      <object_component id="oc-331">
         <name>.text:GPIOPinTypeADC</name>
         <load_address>0x36c8</load_address>
         <run_address>0x36c8</run_address>
         <size>0x12</size>
         <input_file_ref idref="fl-1c"/>
      </object_component>
      <object_component id="oc-2d5">
         <name>.text:GPIOPinTypeGPIOInput</name>
         <load_address>0x36da</load_address>
         <run_address>0x36da</run_address>
         <size>0x12</size>
         <input_file_ref idref="fl-1c"/>
      </object_component>
      <object_component id="oc-306">
         <name>.text:GPIOPinTypePWM</name>
         <load_address>0x36ec</load_address>
         <run_address>0x36ec</run_address>
         <size>0x12</size>
         <input_file_ref idref="fl-1c"/>
      </object_component>
      <object_component id="oc-31e">
         <name>.text:PWMOutputState</name>
         <load_address>0x36fe</load_address>
         <run_address>0x36fe</run_address>
         <size>0x12</size>
         <input_file_ref idref="fl-1e"/>
      </object_component>
      <object_component id="oc-312">
         <name>.text:PWMGenPeriodSet</name>
         <load_address>0x3710</load_address>
         <run_address>0x3710</run_address>
         <size>0x10</size>
         <input_file_ref idref="fl-1e"/>
      </object_component>
      <object_component id="oc-52b">
         <name>.text:prvTaskExitError</name>
         <load_address>0x3720</load_address>
         <run_address>0x3720</run_address>
         <size>0x10</size>
         <input_file_ref idref="fl-f"/>
      </object_component>
      <object_component id="oc-524">
         <name>.text:vListInitialiseItem</name>
         <load_address>0x3730</load_address>
         <run_address>0x3730</run_address>
         <size>0x10</size>
         <input_file_ref idref="fl-b"/>
      </object_component>
      <object_component id="oc-152">
         <name>.text:vTaskSuspendAll</name>
         <load_address>0x3740</load_address>
         <run_address>0x3740</run_address>
         <size>0x10</size>
         <input_file_ref idref="fl-d"/>
      </object_component>
      <object_component id="oc-3f5">
         <name>.text:GPIOIntDisable</name>
         <load_address>0x3750</load_address>
         <run_address>0x3750</run_address>
         <size>0xe</size>
         <input_file_ref idref="fl-1c"/>
      </object_component>
      <object_component id="oc-3fb">
         <name>.text:GPIOIntStatus</name>
         <load_address>0x375e</load_address>
         <run_address>0x375e</run_address>
         <size>0xe</size>
         <input_file_ref idref="fl-1c"/>
      </object_component>
      <object_component id="oc-452">
         <name>.text:TimerEnable</name>
         <load_address>0x376c</load_address>
         <run_address>0x376c</run_address>
         <size>0xe</size>
         <input_file_ref idref="fl-20"/>
      </object_component>
      <object_component id="oc-18">
         <name>.text:decompress:none:__TI_decompress_none</name>
         <load_address>0x377a</load_address>
         <run_address>0x377a</run_address>
         <size>0xe</size>
         <input_file_ref idref="fl-de"/>
      </object_component>
      <object_component id="oc-2ed">
         <name>.text:GPIOIntEnable</name>
         <load_address>0x3788</load_address>
         <run_address>0x3788</run_address>
         <size>0xc</size>
         <input_file_ref idref="fl-1c"/>
      </object_component>
      <object_component id="oc-324">
         <name>.text:PWMGenEnable</name>
         <load_address>0x3794</load_address>
         <run_address>0x3794</run_address>
         <size>0xc</size>
         <input_file_ref idref="fl-1e"/>
      </object_component>
      <object_component id="oc-6d">
         <name>.text:decompress:ZI:__TI_zero_init</name>
         <load_address>0x37a0</load_address>
         <run_address>0x37a0</run_address>
         <size>0xc</size>
         <input_file_ref idref="fl-dd"/>
      </object_component>
      <object_component id="oc-288">
         <name>.text:vTaskMissedYield</name>
         <load_address>0x37ac</load_address>
         <run_address>0x37ac</run_address>
         <size>0xc</size>
         <input_file_ref idref="fl-d"/>
      </object_component>
      <object_component id="oc-318">
         <name>.text:PWMGenIntTrigEnable</name>
         <load_address>0x37b8</load_address>
         <run_address>0x37b8</run_address>
         <size>0xa</size>
         <input_file_ref idref="fl-1e"/>
      </object_component>
      <object_component id="oc-56b">
         <name>.text:TimerValueGet</name>
         <load_address>0x37c2</load_address>
         <run_address>0x37c2</run_address>
         <size>0xa</size>
         <input_file_ref idref="fl-20"/>
      </object_component>
      <object_component id="oc-36c">
         <name>.text:prvIdleTask</name>
         <load_address>0x37cc</load_address>
         <run_address>0x37cc</run_address>
         <size>0xa</size>
         <input_file_ref idref="fl-d"/>
      </object_component>
      <object_component id="oc-10d">
         <name>.text:vApplicationStackOverflowHook</name>
         <load_address>0x37d6</load_address>
         <run_address>0x37d6</run_address>
         <size>0xa</size>
         <input_file_ref idref="fl-7"/>
      </object_component>
      <object_component id="oc-401">
         <name>.text:GPIOIntClear</name>
         <load_address>0x37e0</load_address>
         <run_address>0x37e0</run_address>
         <size>0x6</size>
         <input_file_ref idref="fl-1c"/>
      </object_component>
      <object_component id="oc-565">
         <name>.text:GPIOPinRead</name>
         <load_address>0x37e6</load_address>
         <run_address>0x37e6</run_address>
         <size>0x6</size>
         <input_file_ref idref="fl-1c"/>
      </object_component>
      <object_component id="oc-511">
         <name>.text:GPIOPinWrite</name>
         <load_address>0x37ec</load_address>
         <run_address>0x37ec</run_address>
         <size>0x6</size>
         <input_file_ref idref="fl-1c"/>
      </object_component>
      <object_component id="oc-24">
         <name>.text:ResetISR</name>
         <load_address>0x37f2</load_address>
         <run_address>0x37f2</run_address>
         <size>0x6</size>
         <input_file_ref idref="fl-2"/>
      </object_component>
      <object_component id="oc-5d5">
         <name>.text:SysCtlDelay</name>
         <load_address>0x37f8</load_address>
         <run_address>0x37f8</run_address>
         <size>0x6</size>
         <input_file_ref idref="fl-1f"/>
      </object_component>
      <object_component id="oc-2a4">
         <name>.text:UARTClockSourceSet</name>
         <load_address>0x37fe</load_address>
         <run_address>0x37fe</run_address>
         <size>0x6</size>
         <input_file_ref idref="fl-21"/>
      </object_component>
      <object_component id="oc-ea">
         <name>.text:_system_pre_init</name>
         <load_address>0x3804</load_address>
         <run_address>0x3804</run_address>
         <size>0x4</size>
         <input_file_ref idref="fl-e6"/>
      </object_component>
      <object_component id="oc-209">
         <name>.text:abort:abort</name>
         <load_address>0x3808</load_address>
         <run_address>0x3808</run_address>
         <size>0x4</size>
         <input_file_ref idref="fl-e1"/>
      </object_component>
      <object_component id="oc-4fb">
         <name>.const:g_ppui32GPIOIntMapSnowflake</name>
         <load_address>0x380c</load_address>
         <run_address>0x380c</run_address>
         <size>0xd8</size>
         <input_file_ref idref="fl-1c"/>
      </object_component>
      <object_component id="oc-4f8">
         <name>.const:g_ppui32GPIOIntMapBlizzard</name>
         <load_address>0x38e4</load_address>
         <run_address>0x38e4</run_address>
         <size>0xc0</size>
         <input_file_ref idref="fl-1c"/>
      </object_component>
      <object_component id="oc-410">
         <name>.const:g_pui32GPIOBaseAddrs</name>
         <load_address>0x39a4</load_address>
         <run_address>0x39a4</run_address>
         <size>0x90</size>
         <input_file_ref idref="fl-1c"/>
      </object_component>
      <object_component id="oc-504">
         <name>.const</name>
         <load_address>0x3a34</load_address>
         <run_address>0x3a34</run_address>
         <size>0x70</size>
         <input_file_ref idref="fl-1d"/>
      </object_component>
      <object_component id="oc-2be">
         <name>.const:g_pui32Xtals</name>
         <load_address>0x3aa4</load_address>
         <run_address>0x3aa4</run_address>
         <size>0x6c</size>
         <input_file_ref idref="fl-1f"/>
      </object_component>
      <object_component id="oc-351">
         <name>.const:HCSR04</name>
         <load_address>0x3b10</load_address>
         <run_address>0x3b10</run_address>
         <size>0x2c</size>
         <input_file_ref idref="fl-6"/>
      </object_component>
      <object_component id="oc-4eb">
         <name>.const:.string</name>
         <load_address>0x3b3c</load_address>
         <run_address>0x3b3c</run_address>
         <size>0x12</size>
         <input_file_ref idref="fl-12"/>
      </object_component>
      <object_component id="oc-3bd">
         <name>.const:g_ui32UARTBase</name>
         <load_address>0x3b50</load_address>
         <run_address>0x3b50</run_address>
         <size>0xc</size>
         <input_file_ref idref="fl-12"/>
      </object_component>
      <object_component id="oc-3b4">
         <name>.const:g_ui32UARTPeriph</name>
         <load_address>0x3b5c</load_address>
         <run_address>0x3b5c</run_address>
         <size>0xc</size>
         <input_file_ref idref="fl-12"/>
      </object_component>
      <object_component id="oc-94">
         <name>.const</name>
         <load_address>0x3b68</load_address>
         <run_address>0x3b68</run_address>
         <size>0x4</size>
         <input_file_ref idref="fl-f"/>
      </object_component>
      <object_component id="oc-3cc">
         <name>.const</name>
         <load_address>0x3b6c</load_address>
         <run_address>0x3b6c</run_address>
         <size>0x4</size>
         <input_file_ref idref="fl-12"/>
      </object_component>
      <object_component id="oc-650">
         <name>.cinit..data.load</name>
         <load_address>0x3b70</load_address>
         <run_address>0x3b70</run_address>
         <size>0x10</size>
      </object_component>
      <object_component id="oc-64d">
         <name>__TI_handler_table</name>
         <load_address>0x3b80</load_address>
         <run_address>0x3b80</run_address>
         <size>0xc</size>
      </object_component>
      <object_component id="oc-651">
         <name>.cinit..bss.load</name>
         <load_address>0x3b90</load_address>
         <run_address>0x3b90</run_address>
         <size>0x8</size>
      </object_component>
      <object_component id="oc-64f">
         <name>.cinit..vtable.load</name>
         <load_address>0x3b98</load_address>
         <run_address>0x3b98</run_address>
         <size>0x8</size>
      </object_component>
      <object_component id="oc-64e">
         <name>__TI_cinit_table</name>
         <load_address>0x3ba0</load_address>
         <run_address>0x3ba0</run_address>
         <size>0x18</size>
      </object_component>
      <object_component id="oc-4ff">
         <name>.vtable</name>
         <uninitialized>true</uninitialized>
         <run_address>0x20000000</run_address>
         <size>0x26c</size>
         <input_file_ref idref="fl-1d"/>
      </object_component>
      <object_component id="oc-bb">
         <name>.data</name>
         <load_address>0x20007c40</load_address>
         <run_address>0x20007c40</run_address>
         <size>0x8</size>
         <input_file_ref idref="fl-7"/>
      </object_component>
      <object_component id="oc-91">
         <name>.data</name>
         <load_address>0x20007c08</load_address>
         <run_address>0x20007c08</run_address>
         <size>0x30</size>
         <input_file_ref idref="fl-d"/>
      </object_component>
      <object_component id="oc-48b">
         <name>.data</name>
         <load_address>0x20007c48</load_address>
         <run_address>0x20007c48</run_address>
         <size>0x8</size>
         <input_file_ref idref="fl-e"/>
      </object_component>
      <object_component id="oc-264">
         <name>.data</name>
         <load_address>0x20007c58</load_address>
         <run_address>0x20007c58</run_address>
         <size>0x4</size>
         <input_file_ref idref="fl-f"/>
      </object_component>
      <object_component id="oc-3a6">
         <name>.data</name>
         <load_address>0x20007c38</load_address>
         <run_address>0x20007c38</run_address>
         <size>0x8</size>
         <input_file_ref idref="fl-11"/>
      </object_component>
      <object_component id="oc-3b7">
         <name>.data</name>
         <load_address>0x20007c50</load_address>
         <run_address>0x20007c50</run_address>
         <size>0x5</size>
         <input_file_ref idref="fl-12"/>
      </object_component>
      <object_component id="oc-113">
         <name>.bss:pxReadyTasksLists</name>
         <uninitialized>true</uninitialized>
         <run_address>0x2000779c</run_address>
         <size>0x140</size>
         <input_file_ref idref="fl-d"/>
      </object_component>
      <object_component id="oc-532">
         <name>.bss:xDelayedTaskList1</name>
         <uninitialized>true</uninitialized>
         <run_address>0x20007954</run_address>
         <size>0x14</size>
         <input_file_ref idref="fl-d"/>
      </object_component>
      <object_component id="oc-535">
         <name>.bss:xDelayedTaskList2</name>
         <uninitialized>true</uninitialized>
         <run_address>0x20007968</run_address>
         <size>0x14</size>
         <input_file_ref idref="fl-d"/>
      </object_component>
      <object_component id="oc-129">
         <name>.bss</name>
         <uninitialized>true</uninitialized>
         <run_address>0x200079b8</run_address>
         <size>0x8</size>
         <input_file_ref idref="fl-d"/>
      </object_component>
      <object_component id="oc-26f">
         <name>.bss:xPendingReadyList</name>
         <uninitialized>true</uninitialized>
         <run_address>0x2000797c</run_address>
         <size>0x14</size>
         <input_file_ref idref="fl-d"/>
      </object_component>
      <object_component id="oc-538">
         <name>.bss:xTasksWaitingTermination</name>
         <uninitialized>true</uninitialized>
         <run_address>0x200079a4</run_address>
         <size>0x14</size>
         <input_file_ref idref="fl-d"/>
      </object_component>
      <object_component id="oc-284">
         <name>.bss:xSuspendedTaskList</name>
         <uninitialized>true</uninitialized>
         <run_address>0x20007990</run_address>
         <size>0x14</size>
         <input_file_ref idref="fl-d"/>
      </object_component>
      <object_component id="oc-57d">
         <name>.bss:xActiveTimerList1</name>
         <uninitialized>true</uninitialized>
         <run_address>0x2000792c</run_address>
         <size>0x14</size>
         <input_file_ref idref="fl-e"/>
      </object_component>
      <object_component id="oc-580">
         <name>.bss:xActiveTimerList2</name>
         <uninitialized>true</uninitialized>
         <run_address>0x20007940</run_address>
         <size>0x14</size>
         <input_file_ref idref="fl-e"/>
      </object_component>
      <object_component id="oc-583">
         <name>.bss</name>
         <uninitialized>true</uninitialized>
         <run_address>0x200079c0</run_address>
         <size>0x8</size>
         <input_file_ref idref="fl-e"/>
      </object_component>
      <object_component id="oc-4ce">
         <name>.bss:ucHeap</name>
         <uninitialized>true</uninitialized>
         <run_address>0x2000026c</run_address>
         <size>0x7530</size>
         <input_file_ref idref="fl-11"/>
      </object_component>
      <object_component id="oc-3a9">
         <name>.bss:xStart</name>
         <uninitialized>true</uninitialized>
         <run_address>0x200079d0</run_address>
         <size>0x8</size>
         <input_file_ref idref="fl-11"/>
      </object_component>
      <object_component id="oc-3ac">
         <name>.bss:xEnd</name>
         <uninitialized>true</uninitialized>
         <run_address>0x200079c8</run_address>
         <size>0x8</size>
         <input_file_ref idref="fl-11"/>
      </object_component>
      <object_component id="oc-35e">
         <name>.common:motor_q</name>
         <uninitialized>true</uninitialized>
         <run_address>0x200079f4</run_address>
         <size>0x4</size>
      </object_component>
      <object_component id="oc-b6">
         <name>.common:button_flag</name>
         <uninitialized>true</uninitialized>
         <run_address>0x200079fc</run_address>
         <size>0x2</size>
      </object_component>
      <object_component id="oc-207">
         <name>.common:startup</name>
         <uninitialized>true</uninitialized>
         <run_address>0x20007a00</run_address>
         <size>0x1</size>
      </object_component>
      <object_component id="oc-40d">
         <name>.common:obstacle</name>
         <uninitialized>true</uninitialized>
         <run_address>0x200079ff</run_address>
         <size>0x1</size>
      </object_component>
      <object_component id="oc-448">
         <name>.common:tmp</name>
         <uninitialized>true</uninitialized>
         <run_address>0x200079d8</run_address>
         <size>0x8</size>
      </object_component>
      <object_component id="oc-be">
         <name>.common:time_tickers</name>
         <uninitialized>true</uninitialized>
         <run_address>0x200079f8</run_address>
         <size>0x4</size>
      </object_component>
      <object_component id="oc-206">
         <name>.common:command</name>
         <uninitialized>true</uninitialized>
         <run_address>0x200079fe</run_address>
         <size>0x1</size>
      </object_component>
      <object_component id="oc-bf">
         <name>.common:g_pUltrasonicTaskSemaphore</name>
         <uninitialized>true</uninitialized>
         <run_address>0x200079f0</run_address>
         <size>0x4</size>
      </object_component>
      <object_component id="oc-c0">
         <name>.common:g_pPressureTaskSemaphore</name>
         <uninitialized>true</uninitialized>
         <run_address>0x200079e8</run_address>
         <size>0x4</size>
      </object_component>
      <object_component id="oc-c1">
         <name>.common:g_pMotorTaskSemaphore</name>
         <uninitialized>true</uninitialized>
         <run_address>0x200079e4</run_address>
         <size>0x4</size>
      </object_component>
      <object_component id="oc-205">
         <name>.common:g_pUARTSemaphore</name>
         <uninitialized>true</uninitialized>
         <run_address>0x200079ec</run_address>
         <size>0x4</size>
      </object_component>
      <object_component id="oc-355">
         <name>.common:g_MotorTaskHandle</name>
         <uninitialized>true</uninitialized>
         <run_address>0x200079e0</run_address>
         <size>0x4</size>
      </object_component>
      <object_component id="oc-5d9">
         <name>.common:xQueueRegistry</name>
         <uninitialized>true</uninitialized>
         <run_address>0x200078dc</run_address>
         <size>0x50</size>
      </object_component>
      <object_component id="oc-21">
         <name>.stack</name>
         <uninitialized>true</uninitialized>
         <run_address>0x20007a08</run_address>
         <size>0x4</size>
         <input_file_ref idref="fl-e0"/>
      </object_component>
      <object_component id="oc-652">
         <name>.stack</name>
         <uninitialized>true</uninitialized>
         <run_address>0x20007a08</run_address>
         <size>0x0</size>
      </object_component>
      <object_component id="oc-4f">
         <name>.debug_info</name>
         <load_address>0x0</load_address>
         <run_address>0x0</run_address>
         <size>0x351</size>
         <input_file_ref idref="fl-2"/>
      </object_component>
      <object_component id="oc-10">
         <name>.debug_info</name>
         <load_address>0x351</load_address>
         <run_address>0x351</run_address>
         <size>0xe6</size>
         <input_file_ref idref="fl-2"/>
      </object_component>
      <object_component id="oc-25">
         <name>.debug_info</name>
         <load_address>0x437</load_address>
         <run_address>0x437</run_address>
         <size>0x116</size>
         <input_file_ref idref="fl-2"/>
      </object_component>
      <object_component id="oc-2b">
         <name>.debug_info</name>
         <load_address>0x54d</load_address>
         <run_address>0x54d</run_address>
         <size>0x107</size>
         <input_file_ref idref="fl-2"/>
      </object_component>
      <object_component id="oc-31">
         <name>.debug_info</name>
         <load_address>0x654</load_address>
         <run_address>0x654</run_address>
         <size>0x10d</size>
         <input_file_ref idref="fl-2"/>
      </object_component>
      <object_component id="oc-37">
         <name>.debug_info</name>
         <load_address>0x761</load_address>
         <run_address>0x761</run_address>
         <size>0x11f</size>
         <input_file_ref idref="fl-2"/>
      </object_component>
      <object_component id="oc-c5">
         <name>.debug_info</name>
         <load_address>0x880</load_address>
         <run_address>0x880</run_address>
         <size>0x26b</size>
         <input_file_ref idref="fl-2"/>
      </object_component>
      <object_component id="oc-56">
         <name>.debug_info</name>
         <load_address>0xaeb</load_address>
         <run_address>0xaeb</run_address>
         <size>0x84</size>
         <input_file_ref idref="fl-2"/>
      </object_component>
      <object_component id="oc-1a2">
         <name>.debug_info</name>
         <load_address>0xb6f</load_address>
         <run_address>0xb6f</run_address>
         <size>0x297</size>
         <input_file_ref idref="fl-2"/>
      </object_component>
      <object_component id="oc-ca">
         <name>.debug_info</name>
         <load_address>0xe06</load_address>
         <run_address>0xe06</run_address>
         <size>0xbb</size>
         <input_file_ref idref="fl-2"/>
      </object_component>
      <object_component id="oc-b7">
         <name>.debug_info</name>
         <load_address>0xec1</load_address>
         <run_address>0xec1</run_address>
         <size>0x567</size>
         <input_file_ref idref="fl-5"/>
      </object_component>
      <object_component id="oc-1dd">
         <name>.debug_info</name>
         <load_address>0x1428</load_address>
         <run_address>0x1428</run_address>
         <size>0x1b8</size>
         <input_file_ref idref="fl-5"/>
      </object_component>
      <object_component id="oc-2f6">
         <name>.debug_info</name>
         <load_address>0x15e0</load_address>
         <run_address>0x15e0</run_address>
         <size>0x18d</size>
         <input_file_ref idref="fl-5"/>
      </object_component>
      <object_component id="oc-17e">
         <name>.debug_info</name>
         <load_address>0x176d</load_address>
         <run_address>0x176d</run_address>
         <size>0x2ef</size>
         <input_file_ref idref="fl-5"/>
      </object_component>
      <object_component id="oc-185">
         <name>.debug_info</name>
         <load_address>0x1a5c</load_address>
         <run_address>0x1a5c</run_address>
         <size>0x8b</size>
         <input_file_ref idref="fl-5"/>
      </object_component>
      <object_component id="oc-177">
         <name>.debug_info</name>
         <load_address>0x1ae7</load_address>
         <run_address>0x1ae7</run_address>
         <size>0x46</size>
         <input_file_ref idref="fl-5"/>
      </object_component>
      <object_component id="oc-19b">
         <name>.debug_info</name>
         <load_address>0x1b2d</load_address>
         <run_address>0x1b2d</run_address>
         <size>0x2c</size>
         <input_file_ref idref="fl-5"/>
      </object_component>
      <object_component id="oc-253">
         <name>.debug_info</name>
         <load_address>0x1b59</load_address>
         <run_address>0x1b59</run_address>
         <size>0x2c</size>
         <input_file_ref idref="fl-5"/>
      </object_component>
      <object_component id="oc-105">
         <name>.debug_info</name>
         <load_address>0x1b85</load_address>
         <run_address>0x1b85</run_address>
         <size>0x53</size>
         <input_file_ref idref="fl-5"/>
      </object_component>
      <object_component id="oc-2b9">
         <name>.debug_info</name>
         <load_address>0x1bd8</load_address>
         <run_address>0x1bd8</run_address>
         <size>0x2c</size>
         <input_file_ref idref="fl-5"/>
      </object_component>
      <object_component id="oc-18a">
         <name>.debug_info</name>
         <load_address>0x1c04</load_address>
         <run_address>0x1c04</run_address>
         <size>0x14c</size>
         <input_file_ref idref="fl-5"/>
      </object_component>
      <object_component id="oc-459">
         <name>.debug_info</name>
         <load_address>0x1d50</load_address>
         <run_address>0x1d50</run_address>
         <size>0x580</size>
         <input_file_ref idref="fl-6"/>
      </object_component>
      <object_component id="oc-352">
         <name>.debug_info</name>
         <load_address>0x22d0</load_address>
         <run_address>0x22d0</run_address>
         <size>0xde</size>
         <input_file_ref idref="fl-6"/>
      </object_component>
      <object_component id="oc-346">
         <name>.debug_info</name>
         <load_address>0x23ae</load_address>
         <run_address>0x23ae</run_address>
         <size>0x201</size>
         <input_file_ref idref="fl-6"/>
      </object_component>
      <object_component id="oc-560">
         <name>.debug_info</name>
         <load_address>0x25af</load_address>
         <run_address>0x25af</run_address>
         <size>0x190</size>
         <input_file_ref idref="fl-6"/>
      </object_component>
      <object_component id="oc-45c">
         <name>.debug_info</name>
         <load_address>0x273f</load_address>
         <run_address>0x273f</run_address>
         <size>0x24f</size>
         <input_file_ref idref="fl-6"/>
      </object_component>
      <object_component id="oc-4c9">
         <name>.debug_info</name>
         <load_address>0x298e</load_address>
         <run_address>0x298e</run_address>
         <size>0x12a</size>
         <input_file_ref idref="fl-6"/>
      </object_component>
      <object_component id="oc-b9">
         <name>.debug_info</name>
         <load_address>0x2ab8</load_address>
         <run_address>0x2ab8</run_address>
         <size>0x8b4</size>
         <input_file_ref idref="fl-7"/>
      </object_component>
      <object_component id="oc-bc">
         <name>.debug_info</name>
         <load_address>0x336c</load_address>
         <run_address>0x336c</run_address>
         <size>0xda</size>
         <input_file_ref idref="fl-7"/>
      </object_component>
      <object_component id="oc-10e">
         <name>.debug_info</name>
         <load_address>0x3446</load_address>
         <run_address>0x3446</run_address>
         <size>0x1a0</size>
         <input_file_ref idref="fl-7"/>
      </object_component>
      <object_component id="oc-48">
         <name>.debug_info</name>
         <load_address>0x35e6</load_address>
         <run_address>0x35e6</run_address>
         <size>0x1c7</size>
         <input_file_ref idref="fl-7"/>
      </object_component>
      <object_component id="oc-1d6">
         <name>.debug_info</name>
         <load_address>0x37ad</load_address>
         <run_address>0x37ad</run_address>
         <size>0x16b</size>
         <input_file_ref idref="fl-7"/>
      </object_component>
      <object_component id="oc-1be">
         <name>.debug_info</name>
         <load_address>0x3918</load_address>
         <run_address>0x3918</run_address>
         <size>0x172</size>
         <input_file_ref idref="fl-7"/>
      </object_component>
      <object_component id="oc-f1">
         <name>.debug_info</name>
         <load_address>0x3a8a</load_address>
         <run_address>0x3a8a</run_address>
         <size>0x2ab</size>
         <input_file_ref idref="fl-7"/>
      </object_component>
      <object_component id="oc-191">
         <name>.debug_info</name>
         <load_address>0x3d35</load_address>
         <run_address>0x3d35</run_address>
         <size>0x46</size>
         <input_file_ref idref="fl-7"/>
      </object_component>
      <object_component id="oc-196">
         <name>.debug_info</name>
         <load_address>0x3d7b</load_address>
         <run_address>0x3d7b</run_address>
         <size>0x35</size>
         <input_file_ref idref="fl-7"/>
      </object_component>
      <object_component id="oc-356">
         <name>.debug_info</name>
         <load_address>0x3db0</load_address>
         <run_address>0x3db0</run_address>
         <size>0x7ad</size>
         <input_file_ref idref="fl-8"/>
      </object_component>
      <object_component id="oc-467">
         <name>.debug_info</name>
         <load_address>0x455d</load_address>
         <run_address>0x455d</run_address>
         <size>0x1bd</size>
         <input_file_ref idref="fl-8"/>
      </object_component>
      <object_component id="oc-46d">
         <name>.debug_info</name>
         <load_address>0x471a</load_address>
         <run_address>0x471a</run_address>
         <size>0x1bf</size>
         <input_file_ref idref="fl-8"/>
      </object_component>
      <object_component id="oc-479">
         <name>.debug_info</name>
         <load_address>0x48d9</load_address>
         <run_address>0x48d9</run_address>
         <size>0x1b7</size>
         <input_file_ref idref="fl-8"/>
      </object_component>
      <object_component id="oc-474">
         <name>.debug_info</name>
         <load_address>0x4a90</load_address>
         <run_address>0x4a90</run_address>
         <size>0x1a6</size>
         <input_file_ref idref="fl-8"/>
      </object_component>
      <object_component id="oc-480">
         <name>.debug_info</name>
         <load_address>0x4c36</load_address>
         <run_address>0x4c36</run_address>
         <size>0x1b9</size>
         <input_file_ref idref="fl-8"/>
      </object_component>
      <object_component id="oc-409">
         <name>.debug_info</name>
         <load_address>0x4def</load_address>
         <run_address>0x4def</run_address>
         <size>0x1b9</size>
         <input_file_ref idref="fl-8"/>
      </object_component>
      <object_component id="oc-32b">
         <name>.debug_info</name>
         <load_address>0x4fa8</load_address>
         <run_address>0x4fa8</run_address>
         <size>0x165</size>
         <input_file_ref idref="fl-8"/>
      </object_component>
      <object_component id="oc-1e3">
         <name>.debug_info</name>
         <load_address>0x510d</load_address>
         <run_address>0x510d</run_address>
         <size>0x259</size>
         <input_file_ref idref="fl-8"/>
      </object_component>
      <object_component id="oc-35a">
         <name>.debug_info</name>
         <load_address>0x5366</load_address>
         <run_address>0x5366</run_address>
         <size>0x260</size>
         <input_file_ref idref="fl-8"/>
      </object_component>
      <object_component id="oc-1fa">
         <name>.debug_info</name>
         <load_address>0x55c6</load_address>
         <run_address>0x55c6</run_address>
         <size>0x1b0</size>
         <input_file_ref idref="fl-8"/>
      </object_component>
      <object_component id="oc-449">
         <name>.debug_info</name>
         <load_address>0x5776</load_address>
         <run_address>0x5776</run_address>
         <size>0x5ee</size>
         <input_file_ref idref="fl-9"/>
      </object_component>
      <object_component id="oc-1eb">
         <name>.debug_info</name>
         <load_address>0x5d64</load_address>
         <run_address>0x5d64</run_address>
         <size>0x1dc</size>
         <input_file_ref idref="fl-9"/>
      </object_component>
      <object_component id="oc-342">
         <name>.debug_info</name>
         <load_address>0x5f40</load_address>
         <run_address>0x5f40</run_address>
         <size>0x25e</size>
         <input_file_ref idref="fl-9"/>
      </object_component>
      <object_component id="oc-1f1">
         <name>.debug_info</name>
         <load_address>0x619e</load_address>
         <run_address>0x619e</run_address>
         <size>0x190</size>
         <input_file_ref idref="fl-9"/>
      </object_component>
      <object_component id="oc-393">
         <name>.debug_info</name>
         <load_address>0x632e</load_address>
         <run_address>0x632e</run_address>
         <size>0x5fc</size>
         <input_file_ref idref="fl-a"/>
      </object_component>
      <object_component id="oc-34d">
         <name>.debug_info</name>
         <load_address>0x692a</load_address>
         <run_address>0x692a</run_address>
         <size>0x2dc</size>
         <input_file_ref idref="fl-a"/>
      </object_component>
      <object_component id="oc-1f5">
         <name>.debug_info</name>
         <load_address>0x6c06</load_address>
         <run_address>0x6c06</run_address>
         <size>0x191</size>
         <input_file_ref idref="fl-a"/>
      </object_component>
      <object_component id="oc-24e">
         <name>.debug_info</name>
         <load_address>0x6d97</load_address>
         <run_address>0x6d97</run_address>
         <size>0x110</size>
         <input_file_ref idref="fl-a"/>
      </object_component>
      <object_component id="oc-25f">
         <name>.debug_info</name>
         <load_address>0x6ea7</load_address>
         <run_address>0x6ea7</run_address>
         <size>0x304</size>
         <input_file_ref idref="fl-b"/>
      </object_component>
      <object_component id="oc-29e">
         <name>.debug_info</name>
         <load_address>0x71ab</load_address>
         <run_address>0x71ab</run_address>
         <size>0x1eb</size>
         <input_file_ref idref="fl-b"/>
      </object_component>
      <object_component id="oc-525">
         <name>.debug_info</name>
         <load_address>0x7396</load_address>
         <run_address>0x7396</run_address>
         <size>0x1f3</size>
         <input_file_ref idref="fl-b"/>
      </object_component>
      <object_component id="oc-124">
         <name>.debug_info</name>
         <load_address>0x7589</load_address>
         <run_address>0x7589</run_address>
         <size>0x248</size>
         <input_file_ref idref="fl-b"/>
      </object_component>
      <object_component id="oc-279">
         <name>.debug_info</name>
         <load_address>0x77d1</load_address>
         <run_address>0x77d1</run_address>
         <size>0x274</size>
         <input_file_ref idref="fl-b"/>
      </object_component>
      <object_component id="oc-11e">
         <name>.debug_info</name>
         <load_address>0x7a45</load_address>
         <run_address>0x7a45</run_address>
         <size>0x21f</size>
         <input_file_ref idref="fl-b"/>
      </object_component>
      <object_component id="oc-17c">
         <name>.debug_info</name>
         <load_address>0x7c64</load_address>
         <run_address>0x7c64</run_address>
         <size>0x7aa</size>
         <input_file_ref idref="fl-c"/>
      </object_component>
      <object_component id="oc-2c9">
         <name>.debug_info</name>
         <load_address>0x840e</load_address>
         <run_address>0x840e</run_address>
         <size>0x2c6</size>
         <input_file_ref idref="fl-c"/>
      </object_component>
      <object_component id="oc-1d1">
         <name>.debug_info</name>
         <load_address>0x86d4</load_address>
         <run_address>0x86d4</run_address>
         <size>0x321</size>
         <input_file_ref idref="fl-c"/>
      </object_component>
      <object_component id="oc-1b9">
         <name>.debug_info</name>
         <load_address>0x89f5</load_address>
         <run_address>0x89f5</run_address>
         <size>0x282</size>
         <input_file_ref idref="fl-c"/>
      </object_component>
      <object_component id="oc-b2">
         <name>.debug_info</name>
         <load_address>0x8c77</load_address>
         <run_address>0x8c77</run_address>
         <size>0x50b</size>
         <input_file_ref idref="fl-c"/>
      </object_component>
      <object_component id="oc-61d">
         <name>.debug_info</name>
         <load_address>0x9182</load_address>
         <run_address>0x9182</run_address>
         <size>0x3aa</size>
         <input_file_ref idref="fl-c"/>
      </object_component>
      <object_component id="oc-43e">
         <name>.debug_info</name>
         <load_address>0x952c</load_address>
         <run_address>0x952c</run_address>
         <size>0x59b</size>
         <input_file_ref idref="fl-c"/>
      </object_component>
      <object_component id="oc-13c">
         <name>.debug_info</name>
         <load_address>0x9ac7</load_address>
         <run_address>0x9ac7</run_address>
         <size>0x2cc</size>
         <input_file_ref idref="fl-c"/>
      </object_component>
      <object_component id="oc-53e">
         <name>.debug_info</name>
         <load_address>0x9d93</load_address>
         <run_address>0x9d93</run_address>
         <size>0x23e</size>
         <input_file_ref idref="fl-c"/>
      </object_component>
      <object_component id="oc-16c">
         <name>.debug_info</name>
         <load_address>0x9fd1</load_address>
         <run_address>0x9fd1</run_address>
         <size>0x2c0</size>
         <input_file_ref idref="fl-c"/>
      </object_component>
      <object_component id="oc-54a">
         <name>.debug_info</name>
         <load_address>0xa291</load_address>
         <run_address>0xa291</run_address>
         <size>0x241</size>
         <input_file_ref idref="fl-c"/>
      </object_component>
      <object_component id="oc-160">
         <name>.debug_info</name>
         <load_address>0xa4d2</load_address>
         <run_address>0xa4d2</run_address>
         <size>0x23f</size>
         <input_file_ref idref="fl-c"/>
      </object_component>
      <object_component id="oc-579">
         <name>.debug_info</name>
         <load_address>0xa711</load_address>
         <run_address>0xa711</run_address>
         <size>0x246</size>
         <input_file_ref idref="fl-c"/>
      </object_component>
      <object_component id="oc-5f3">
         <name>.debug_info</name>
         <load_address>0xa957</load_address>
         <run_address>0xa957</run_address>
         <size>0x32d</size>
         <input_file_ref idref="fl-c"/>
      </object_component>
      <object_component id="oc-292">
         <name>.debug_info</name>
         <load_address>0xac84</load_address>
         <run_address>0xac84</run_address>
         <size>0x1cd</size>
         <input_file_ref idref="fl-c"/>
      </object_component>
      <object_component id="oc-104">
         <name>.debug_info</name>
         <load_address>0xae51</load_address>
         <run_address>0xae51</run_address>
         <size>0x773</size>
         <input_file_ref idref="fl-d"/>
      </object_component>
      <object_component id="oc-92">
         <name>.debug_info</name>
         <load_address>0xb5c4</load_address>
         <run_address>0xb5c4</run_address>
         <size>0x328</size>
         <input_file_ref idref="fl-d"/>
      </object_component>
[...]
      </symbol>
      <symbol id="sm-1ec">
         <name>turn_right</name>
         <value>0x2f59</value>
         <object_component_ref idref="oc-472"/>
      </symbol>
      <symbol id="sm-1ed">
         <name>turn_left</name>
         <value>0x2db1</value>
         <object_component_ref idref="oc-478"/>
      </symbol>
      <symbol id="sm-1ee">
         <name>stop_motor</name>
         <value>0x2d55</value>
         <object_component_ref idref="oc-407"/>
      </symbol>
      <symbol id="sm-1ef">
         <name>setup_motors</name>
         <value>0x1fcd</value>
         <object_component_ref idref="oc-1e1"/>
      </symbol>
      <symbol id="sm-1f0">
         <name>setup_gpio</name>
         <value>0x365d</value>
         <object_component_ref idref="oc-32a"/>
      </symbol>
      <symbol id="sm-1f1">
         <name>slow_motor</name>
         <value>0x2cf9</value>
         <object_component_ref idref="oc-47e"/>
      </symbol>
      <symbol id="sm-1f2">
         <name>TaskMotorInit</name>
         <value>0x1805</value>
         <object_component_ref idref="oc-1f9"/>
      </symbol>
      <symbol id="sm-22d">
         <name>PressureSensorTaskInit</name>
         <value>0x2661</value>
         <object_component_ref idref="oc-1ed"/>
      </symbol>
      <symbol id="sm-22e">
         <name>PressureFunction</name>
         <value>0xc15</value>
         <object_component_ref idref="oc-33e"/>
      </symbol>
      <symbol id="sm-22f">
         <name>ConfigureADC</name>
         <value>0x1d11</value>
         <object_component_ref idref="oc-1e7"/>
      </symbol>
      <symbol id="sm-268">
         <name>UltrasonicTaskInit</name>
         <value>0x195d</value>
         <object_component_ref idref="oc-1f3"/>
      </symbol>
      <symbol id="sm-269">
         <name>UltrasonicFunction</name>
         <value>0x579</value>
         <object_component_ref idref="oc-34b"/>
      </symbol>
      <symbol id="sm-29b">
         <name>uxListRemove</name>
         <value>0x303d</value>
         <object_component_ref idref="oc-11d"/>
      </symbol>
      <symbol id="sm-29c">
         <name>vListInsert</name>
         <value>0x29a5</value>
         <object_component_ref idref="oc-278"/>
      </symbol>
      <symbol id="sm-29d">
         <name>vListInitialiseItem</name>
         <value>0x3731</value>
         <object_component_ref idref="oc-524"/>
      </symbol>
      <symbol id="sm-29e">
         <name>vListInsertEnd</name>
         <value>0x3291</value>
         <object_component_ref idref="oc-123"/>
      </symbol>
      <symbol id="sm-29f">
         <name>vListInitialise</name>
         <value>0x33d9</value>
         <object_component_ref idref="oc-29d"/>
      </symbol>
      <symbol id="sm-365">
         <name>xQueueRegistry</name>
         <value>0x200078dc</value>
      </symbol>
      <symbol id="sm-366">
         <name>xQueueGenericSendFromISR</name>
         <value>0x1e35</value>
         <object_component_ref idref="oc-61b"/>
      </symbol>
      <symbol id="sm-367">
         <name>vQueueAddToRegistry</name>
         <value>0x2fa9</value>
         <object_component_ref idref="oc-577"/>
      </symbol>
      <symbol id="sm-368">
         <name>xQueueGenericCreate</name>
         <value>0x2581</value>
         <object_component_ref idref="oc-1cf"/>
      </symbol>
      <symbol id="sm-369">
         <name>xQueueCreateMutex</name>
         <value>0x22c9</value>
         <object_component_ref idref="oc-1b7"/>
      </symbol>
      <symbol id="sm-36a">
         <name>xQueueGenericSend</name>
         <value>0xd3d</value>
         <object_component_ref idref="oc-b0"/>
      </symbol>
      <symbol id="sm-36b">
         <name>xQueueGenericReset</name>
         <value>0x1aa5</value>
         <object_component_ref idref="oc-2c7"/>
      </symbol>
      <symbol id="sm-36c">
         <name>xQueueGenericReceive</name>
         <value>0x709</value>
         <object_component_ref idref="oc-43c"/>
      </symbol>
      <symbol id="sm-36d">
         <name>vQueueWaitForMessageRestricted</name>
         <value>0x2e63</value>
         <object_component_ref idref="oc-5f1"/>
      </symbol>
      <symbol id="sm-547">
         <name>vTaskSuspendAll</name>
         <value>0x3741</value>
         <object_component_ref idref="oc-152"/>
      </symbol>
      <symbol id="sm-548">
         <name>vTaskPriorityInherit</name>
         <value>0x1515</value>
         <object_component_ref idref="oc-54e"/>
      </symbol>
      <symbol id="sm-549">
         <name>vTaskPlaceOnEventList</name>
         <value>0x293d</value>
         <object_component_ref idref="oc-164"/>
      </symbol>
      <symbol id="sm-54a">
         <name>xTaskCheckForTimeOut</name>
         <value>0x2051</value>
         <object_component_ref idref="oc-158"/>
      </symbol>
      <symbol id="sm-54b">
         <name>xTaskPriorityDisinherit</name>
         <value>0x18b5</value>
         <object_component_ref idref="oc-268"/>
      </symbol>
      <symbol id="sm-54c">
         <name>vTaskStartScheduler</name>
         <value>0x2159</value>
         <object_component_ref idref="oc-1ff"/>
      </symbol>
      <symbol id="sm-54d">
         <name>pvTaskIncrementMutexHeldCount</name>
         <value>0x35d9</value>
         <object_component_ref idref="oc-542"/>
      </symbol>
      <symbol id="sm-54e">
         <name>vTaskMissedYield</name>
         <value>0x37ad</value>
         <object_component_ref idref="oc-288"/>
      </symbol>
      <symbol id="sm-54f">
         <name>xTaskResumeAll</name>
         <value>0x118d</value>
         <object_component_ref idref="oc-170"/>
      </symbol>
      <symbol id="sm-550">
         <name>xTaskGetTickCount</name>
         <value>0x36b5</value>
         <object_component_ref idref="oc-a5"/>
      </symbol>
      <symbol id="sm-551">
         <name>xTaskGenericCreate</name>
         <value>0x875</value>
         <object_component_ref idref="oc-338"/>
      </symbol>
      <symbol id="sm-552">
         <name>pxCurrentTCB</name>
         <value>0x20007c08</value>
         <object_component_ref idref="oc-91"/>
      </symbol>
      <symbol id="sm-553">
         <name>vTaskPlaceOnEventListRestricted</name>
         <value>0x2511</value>
         <object_component_ref idref="oc-60d"/>
      </symbol>
      <symbol id="sm-554">
         <name>vTaskSetTimeOutState</name>
         <value>0x3555</value>
         <object_component_ref idref="oc-14c"/>
      </symbol>
      <symbol id="sm-555">
         <name>xTaskIncrementTick</name>
         <value>0x9ad</value>
         <object_component_ref idref="oc-9e"/>
      </symbol>
      <symbol id="sm-556">
         <name>vTaskSwitchContext</name>
         <value>0x1699</value>
         <object_component_ref idref="oc-97"/>
      </symbol>
      <symbol id="sm-557">
         <name>xTaskGetSchedulerState</name>
         <value>0x3409</value>
         <object_component_ref idref="oc-615"/>
      </symbol>
      <symbol id="sm-558">
         <name>xTaskRemoveFromEventList</name>
         <value>0x1da5</value>
         <object_component_ref idref="oc-140"/>
      </symbol>
      <symbol id="sm-624">
         <name>xTimerCreateTimerTask</name>
         <value>0x3085</value>
         <object_component_ref idref="oc-360"/>
      </symbol>
      <symbol id="sm-625">
         <name>xTimerGenericCommand</name>
         <value>0x25f1</value>
         <object_component_ref idref="oc-5fe"/>
      </symbol>
      <symbol id="sm-683">
         <name>ulMaxSyscallInterruptPriority</name>
         <value>0x3b68</value>
         <object_component_ref idref="oc-94"/>
      </symbol>
      <symbol id="sm-684">
         <name>vPortSetupTimerInterrupt</name>
         <value>0x3675</value>
         <object_component_ref idref="oc-498"/>
      </symbol>
      <symbol id="sm-685">
         <name>xPortSysTickHandler</name>
         <value>0x3469</value>
         <object_component_ref idref="oc-41"/>
      </symbol>
      <symbol id="sm-686">
         <name>pxPortInitialiseStack</name>
         <value>0x2c9d</value>
         <object_component_ref idref="oc-42f"/>
      </symbol>
      <symbol id="sm-687">
         <name>vPortExitCritical</name>
         <value>0x35f5</value>
         <object_component_ref idref="oc-146"/>
      </symbol>
      <symbol id="sm-688">
         <name>xPortStartScheduler</name>
         <value>0x3155</value>
         <object_component_ref idref="oc-366"/>
      </symbol>
      <symbol id="sm-689">
         <name>vPortEnterCritical</name>
         <value>0x3531</value>
         <object_component_ref idref="oc-134"/>
      </symbol>
      <symbol id="sm-698">
         <name>vPortStartFirstTask</name>
         <value>0x1419</value>
         <object_component_ref idref="oc-3c"/>
      </symbol>
      <symbol id="sm-699">
         <name>ulPortGetIPSR</name>
         <value>0x1381</value>
         <object_component_ref idref="oc-3c"/>
      </symbol>
      <symbol id="sm-69a">
         <name>vPortEnableVFP</name>
         <value>0x1435</value>
         <object_component_ref idref="oc-3c"/>
      </symbol>
      <symbol id="sm-69b">
         <name>xPortPendSVHandler</name>
         <value>0x1399</value>
         <object_component_ref idref="oc-3c"/>
      </symbol>
      <symbol id="sm-69c">
         <name>vPortSVCHandler</name>
         <value>0x13f9</value>
         <object_component_ref idref="oc-3c"/>
      </symbol>
      <symbol id="sm-6f5">
         <name>pvPortMalloc</name>
         <value>0x1085</value>
         <object_component_ref idref="oc-297"/>
      </symbol>
      <symbol id="sm-6f6">
         <name>vPortFree</name>
         <value>0x28d5</value>
         <object_component_ref idref="oc-51d"/>
      </symbol>
      <symbol id="sm-778">
         <name>UARTStdioConfig</name>
         <value>0x23b5</value>
         <object_component_ref idref="oc-2aa"/>
      </symbol>
      <symbol id="sm-779">
         <name>UARTwrite</name>
         <value>0x2b2d</value>
         <object_component_ref idref="oc-3c1"/>
      </symbol>
      <symbol id="sm-77a">
         <name>UARTprintf</name>
         <value>0x350d</value>
         <object_component_ref idref="oc-1c3"/>
      </symbol>
      <symbol id="sm-77b">
         <name>UARTvprintf</name>
         <value>0x26d</value>
         <object_component_ref idref="oc-2b1"/>
      </symbol>
      <symbol id="sm-791">
         <name>ADCIntStatus</name>
         <value>0x3439</value>
         <object_component_ref idref="oc-442"/>
      </symbol>
      <symbol id="sm-83a">
         <name>GPIOPinTypePWM</name>
         <value>0x36ed</value>
         <object_component_ref idref="oc-306"/>
      </symbol>
      <symbol id="sm-83b">
         <name>GPIOIntRegister</name>
         <value>0x362b</value>
         <object_component_ref idref="oc-2e1"/>
      </symbol>
      <symbol id="sm-83c">
         <name>GPIOPinConfigure</name>
         <value>0x2ff5</value>
         <object_component_ref idref="oc-300"/>
      </symbol>
      <symbol id="sm-83d">
         <name>GPIOIntDisable</name>
         <value>0x3751</value>
         <object_component_ref idref="oc-3f5"/>
      </symbol>
      <symbol id="sm-83e">
         <name>GPIOIntEnable</name>
         <value>0x3789</value>
         <object_component_ref idref="oc-2ed"/>
      </symbol>
      <symbol id="sm-83f">
         <name>GPIOIntTypeSet</name>
         <value>0x2e0d</value>
         <object_component_ref idref="oc-2e7"/>
      </symbol>
      <symbol id="sm-840">
         <name>GPIOPinTypeADC</name>
         <value>0x36c9</value>
         <object_component_ref idref="oc-331"/>
      </symbol>
      <symbol id="sm-841">
         <name>GPIOPinTypeGPIOInput</name>
         <value>0x36db</value>
         <object_component_ref idref="oc-2d5"/>
      </symbol>
      <symbol id="sm-842">
         <name>GPIOIntClear</name>
         <value>0x37e1</value>
         <object_component_ref idref="oc-401"/>
      </symbol>
      <symbol id="sm-843">
         <name>GPIOIntStatus</name>
         <value>0x375f</value>
         <object_component_ref idref="oc-3fb"/>
      </symbol>
      <symbol id="sm-844">
         <name>GPIOPinTypeGPIOOutput</name>
         <value>0x3643</value>
         <object_component_ref idref="oc-41b"/>
      </symbol>
      <symbol id="sm-845">
         <name>GPIOPinRead</name>
         <value>0x37e7</value>
         <object_component_ref idref="oc-565"/>
      </symbol>
      <symbol id="sm-846">
         <name>GPIODirModeSet</name>
         <value>0x3495</value>
         <object_component_ref idref="oc-3d7"/>
      </symbol>
      <symbol id="sm-847">
         <name>GPIOPinWrite</name>
         <value>0x37ed</value>
         <object_component_ref idref="oc-511"/>
      </symbol>
      <symbol id="sm-848">
         <name>GPIOPadConfigSet</name>
         <value>0xae1</value>
         <object_component_ref idref="oc-2db"/>
      </symbol>
      <symbol id="sm-881">
         <name>IntEnable</name>
         <value>0x2735</value>
         <object_component_ref idref="oc-3ec"/>
      </symbol>
      <symbol id="sm-882">
         <name>IntRegister</name>
         <value>0x333d</value>
         <object_component_ref idref="oc-3e6"/>
      </symbol>
      <symbol id="sm-883">
         <name>g_pfnRAMVectors</name>
         <value>0x20000000</value>
         <object_component_ref idref="oc-4ff"/>
      </symbol>
      <symbol id="sm-8b8">
         <name>PWMGenPeriodSet</name>
         <value>0x3711</value>
         <object_component_ref idref="oc-312"/>
      </symbol>
      <symbol id="sm-8b9">
         <name>PWMGenIntTrigEnable</name>
         <value>0x37b9</value>
         <object_component_ref idref="oc-318"/>
      </symbol>
      <symbol id="sm-8ba">
         <name>PWMPulseWidthSet</name>
         <value>0x35bb</value>
         <object_component_ref idref="oc-50b"/>
      </symbol>
      <symbol id="sm-8bb">
         <name>PWMOutputState</name>
         <value>0x36ff</value>
         <object_component_ref idref="oc-31e"/>
      </symbol>
      <symbol id="sm-8bc">
         <name>PWMGenEnable</name>
         <value>0x3795</value>
         <object_component_ref idref="oc-324"/>
      </symbol>
      <symbol id="sm-8bd">
         <name>PWMGenConfigure</name>
         <value>0x3579</value>
         <object_component_ref idref="oc-30c"/>
      </symbol>
      <symbol id="sm-903">
         <name>SysCtlDelay</name>
         <value>0x37f9</value>
         <object_component_ref idref="oc-5d5"/>
      </symbol>
      <symbol id="sm-904">
         <name>SysCtlPeripheralEnable</name>
         <value>0x3371</value>
         <object_component_ref idref="oc-2cf"/>
      </symbol>
      <symbol id="sm-905">
         <name>SysCtlClockGet</name>
         <value>0xe65</value>
         <object_component_ref idref="oc-1c9"/>
      </symbol>
      <symbol id="sm-906">
         <name>SysCtlPWMClockSet</name>
         <value>0x368d</value>
         <object_component_ref idref="oc-2fa"/>
      </symbol>
      <symbol id="sm-92a">
         <name>TimerEnable</name>
         <value>0x376d</value>
         <object_component_ref idref="oc-452"/>
      </symbol>
      <symbol id="sm-92b">
         <name>TimerValueGet</name>
         <value>0x37c3</value>
         <object_component_ref idref="oc-56b"/>
      </symbol>
      <symbol id="sm-92c">
         <name>TimerConfigure</name>
         <value>0x2a0d</value>
         <object_component_ref idref="oc-44c"/>
      </symbol>
      <symbol id="sm-939">
         <name>UARTClockSourceSet</name>
         <value>0x37ff</value>
         <object_component_ref idref="oc-2a4"/>
      </symbol>
      <symbol id="sm-949">
         <name>__aeabi_uidivmod</name>
         <value>0x31d9</value>
         <object_component_ref idref="oc-3c7"/>
      </symbol>
      <symbol id="sm-94a">
         <name>__aeabi_uidiv</name>
         <value>0x31d9</value>
         <object_component_ref idref="oc-3c7"/>
      </symbol>
      <symbol id="sm-966">
         <name>memcpy</name>
         <value>0x1b45</value>
         <object_component_ref idref="oc-5b"/>
      </symbol>
      <symbol id="sm-967">
         <name>__aeabi_memcpy</name>
         <value>0x1b45</value>
         <object_component_ref idref="oc-5b"/>
      </symbol>
      <symbol id="sm-968">
         <name>__aeabi_memcpy8</name>
         <value>0x1b45</value>
         <object_component_ref idref="oc-5b"/>
      </symbol>
      <symbol id="sm-969">
         <name>__aeabi_memcpy4</name>
         <value>0x1b45</value>
         <object_component_ref idref="oc-5b"/>
      </symbol>
      <symbol id="sm-976">
         <name>__aeabi_uldivmod</name>
         <value>0x1c7b</value>
         <object_component_ref idref="oc-ab"/>
      </symbol>
      <symbol id="sm-985">
         <name>__aeabi_memset</name>
         <value>0x21d7</value>
         <object_component_ref idref="oc-e4"/>
      </symbol>
      <symbol id="sm-986">
         <name>memset</name>
         <value>0x21dd</value>
         <object_component_ref idref="oc-e4"/>
      </symbol>
      <symbol id="sm-987">
         <name>__aeabi_memset8</name>
         <value>0x21d7</value>
         <object_component_ref idref="oc-e4"/>
      </symbol>
      <symbol id="sm-988">
         <name>__aeabi_memset4</name>
         <value>0x21d7</value>
         <object_component_ref idref="oc-e4"/>
      </symbol>
      <symbol id="sm-989">
         <name>__aeabi_memclr8</name>
         <value>0x21d5</value>
         <object_component_ref idref="oc-e4"/>
      </symbol>
      <symbol id="sm-98a">
         <name>__aeabi_memclr4</name>
         <value>0x21d5</value>
         <object_component_ref idref="oc-e4"/>
      </symbol>
      <symbol id="sm-98b">
         <name>__aeabi_memclr</name>
         <value>0x21d5</value>
         <object_component_ref idref="oc-e4"/>
      </symbol>
      <symbol id="sm-9a2">
         <name>__TI_zero_init</name>
         <value>0x37a1</value>
         <object_component_ref idref="oc-6d"/>
      </symbol>
      <symbol id="sm-9b9">
         <name>__TI_decompress_none</name>
         <value>0x377b</value>
         <object_component_ref idref="oc-18"/>
      </symbol>
      <symbol id="sm-9dc">
         <name>__TI_decompress_lzss</name>
         <value>0x279d</value>
         <object_component_ref idref="oc-12"/>
      </symbol>
      <symbol id="sm-9ef">
         <name>__stack</name>
         <value>0x20007a08</value>
         <object_component_ref idref="oc-21"/>
      </symbol>
      <symbol id="sm-9f0">
         <name>_c_int00_noargs</name>
         <value>0x32cd</value>
         <object_component_ref idref="oc-79"/>
      </symbol>
      <symbol id="sm-9fb">
         <name>C$$EXIT</name>
         <value>0x3809</value>
         <object_component_ref idref="oc-209"/>
      </symbol>
      <symbol id="sm-9fc">
         <name>abort</name>
         <value>0x3809</value>
         <object_component_ref idref="oc-209"/>
      </symbol>
      <symbol id="sm-a08">
         <name>__aeabi_idiv0</name>
         <value>0x224f</value>
         <object_component_ref idref="oc-12e"/>
      </symbol>
      <symbol id="sm-a09">
         <name>__aeabi_ldiv0</name>
         <value>0x224f</value>
         <object_component_ref idref="oc-12e"/>
      </symbol>
      <symbol id="sm-a31">
         <name>__TI_auto_init_nobinit_nopinit</name>
         <value>0x3111</value>
         <object_component_ref idref="oc-215"/>
      </symbol>
      <symbol id="sm-a3b">
         <name>_system_pre_init</name>
         <value>0x3805</value>
         <object_component_ref idref="oc-ea"/>
      </symbol>
      <symbol id="sm-a3d">
         <name>__TI_static_base__</name>
         <value>0x0</value>
      </symbol>
      <symbol id="sm-a40">
         <name>__mpu_init</name>
         <value>0x0</value>
      </symbol>
      <symbol id="sm-a41">
         <name>_system_post_cinit</name>
         <value>0x0</value>
      </symbol>
   </symbol_table>
   <title>Link successful</title>
</link_info>
